1783403492.158813238	UBX-TIM-TP:
1783403492.159823262	  towMS 193911000 towSubMS 0 qErr 3607 week 2426
1783403493.141138035	UBX-TIM-TP:
1783403493.142175289	  towMS 193912000 towSubMS 0 qErr -1421 week 2426
1783403494.139495231	UBX-TIM-TP:
1783403494.140568468	  towMS 193913000 towSubMS 0 qErr 1241 week 2426
1783403495.138701992	UBX-TIM-TP:
1783403495.139675267	  towMS 193914000 towSubMS 0 qErr -3612 week 2426
1783403496.137912665	UBX-TIM-TP:
1783403496.139014530	  towMS 193915000 towSubMS 0 qErr -392 week 2426
1783403497.138133481	UBX-TIM-TP:
1783403497.139147960	  towMS 193916000 towSubMS 0 qErr 2631 week 2426
1783403498.132804912	UBX-TIM-TP:
1783403498.133746633	  towMS 193917000 towSubMS 0 qErr -2221 week 2426
1783403499.137148074	UBX-TIM-TP:
1783403499.138182480	  towMS 193918000 towSubMS 0 qErr 878 week 2426
1783403500.140602869	UBX-TIM-TP:
1783403500.141573543	  towMS 193919000 towSubMS 0 qErr 3134 week 2426
1783403501.139070384	UBX-TIM-TP:
1783403501.140107631	  towMS 193920000 towSubMS 0 qErr -2169 week 2426
1783403502.145287585	UBX-TIM-TP:
1783403502.146322116	  towMS 193921000 towSubMS 0 qErr 1049 week 2426
1783403503.140911495	UBX-TIM-TP:
1783403503.142014061	  towMS 193922000 towSubMS 0 qErr -3403 week 2426
1783403504.135582427	UBX-TIM-TP:
1783403504.136593765	  towMS 193923000 towSubMS 0 qErr -408 week 2426
1783403505.137946065	UBX-TIM-TP:
1783403505.139026257	  towMS 193924000 towSubMS 0 qErr 2706 week 2426
1783403506.148352784	UBX-TIM-TP:
1783403506.149385676	  towMS 193925000 towSubMS 0 qErr -1552 week 2426
1783403507.140101092	UBX-TIM-TP:
1783403507.141132920	  towMS 193926000 towSubMS 0 qErr 1768 week 2426
1783403508.149734241	UBX-TIM-TP:
1783403508.150693498	  towMS 193927000 towSubMS 0 qErr -2819 week 2426
1783403509.135791416	UBX-TIM-TP:
1783403509.136745559	  towMS 193928000 towSubMS 0 qErr 947 week 2426
1783403510.134393423	UBX-TIM-TP:
1783403510.135424000	  towMS 193929000 towSubMS 0 qErr -3146 week 2426
1783403511.137209818	UBX-TIM-TP:
1783403511.138247913	  towMS 193930000 towSubMS 0 qErr 714 week 2426
1783403512.138852155	UBX-TIM-TP:
1783403512.139815727	  towMS 193931000 towSubMS 0 qErr -3764 week 2426
1783403513.137089681	UBX-TIM-TP:
1783403513.138202152	  towMS 193932000 towSubMS 0 qErr -1152 week 2426
1783403514.135785736	UBX-TIM-TP:
1783403514.137017893	  towMS 193933000 towSubMS 0 qErr 2300 week 2426
1783403515.134849671	UBX-TIM-TP:
1783403515.135886001	  towMS 193934000 towSubMS 0 qErr -2278 week 2426
1783403516.141758775	UBX-TIM-TP:
1783403516.142770158	  towMS 193935000 towSubMS 0 qErr 2038 week 2426
1783403517.141724598	UBX-TIM-TP:
1783403517.142713161	  towMS 193936000 towSubMS 0 qErr -1968 week 2426
1783403518.138773122	UBX-TIM-TP:
1783403518.139782293	  towMS 193937000 towSubMS 0 qErr 1722 week 2426
1783403519.138039418	UBX-TIM-TP:
1783403519.139089719	  towMS 193938000 towSubMS 0 qErr -2762 week 2426
1783403520.141741892	UBX-TIM-TP:
1783403520.142710407	  towMS 193939000 towSubMS 0 qErr 777 week 2426
1783403521.143892355	UBX-TIM-TP:
1783403521.144960910	  towMS 193940000 towSubMS 0 qErr -2488 week 2426
1783403522.133882161	UBX-TIM-TP:
1783403522.134911505	  towMS 193941000 towSubMS 0 qErr 1732 week 2426
1783403523.148047586	UBX-TIM-TP:
1783403523.149077267	  towMS 193942000 towSubMS 0 qErr -1456 week 2426
1783403524.145888311	UBX-TIM-TP:
1783403524.146953234	  towMS 193943000 towSubMS 0 qErr 2602 week 2426
1783403525.140805788	UBX-TIM-TP:
1783403525.141804760	  towMS 193944000 towSubMS 0 qErr -1247 week 2426
1783403526.142229664	UBX-TIM-TP:
1783403526.143269344	  towMS 193945000 towSubMS 0 qErr 3664 week 2426
1783403527.139118244	UBX-TIM-TP:
1783403527.140139485	  towMS 193946000 towSubMS 0 qErr 555 week 2426
1783403528.137680464	UBX-TIM-TP:
1783403528.138696243	  towMS 193947000 towSubMS 0 qErr -2384 week 2426
1783403529.141042697	UBX-TIM-TP:
1783403529.142083413	  towMS 193948000 towSubMS 0 qErr 2761 week 2426
1783403530.131755752	UBX-TIM-TP:
1783403530.132806010	  towMS 193949000 towSubMS 0 qErr -552 week 2426
1783403531.137053869	UBX-TIM-TP:
1783403531.138075205	  towMS 193950000 towSubMS 0 qErr -3831 week 2426
1783403532.142125719	UBX-TIM-TP:
1783403532.143169097	  towMS 193951000 towSubMS 0 qErr 596 week 2426
1783403533.140050777	UBX-TIM-TP:
1783403533.141083610	  towMS 193952000 towSubMS 0 qErr -2758 week 2426
1783403534.143715862	UBX-TIM-TP:
1783403534.144696743	  towMS 193953000 towSubMS 0 qErr 1247 week 2426
1783403535.149964085	UBX-TIM-TP:
1783403535.151074621	  towMS 193954000 towSubMS 0 qErr -1870 week 2426
1783403536.141908449	UBX-TIM-TP:
1783403536.142997107	  towMS 193955000 towSubMS 0 qErr 2888 week 2426
1783403537.141194740	UBX-TIM-TP:
1783403537.142214138	  towMS 193956000 towSubMS 0 qErr -97 week 2426
1783403538.144839364	UBX-TIM-TP:
1783403538.145838956	  towMS 193957000 towSubMS 0 qErr -3840 week 2426
1783403539.147122821	UBX-TIM-TP:
1783403539.148098051	  towMS 193958000 towSubMS 0 qErr 320 week 2426
1783403540.138770953	UBX-TIM-TP:
1783403540.139771759	  towMS 193959000 towSubMS 0 qErr -3160 week 2426
1783403541.144776851	UBX-TIM-TP:
1783403541.145738500	  towMS 193960000 towSubMS 0 qErr 1196 week 2426
1783403542.139233569	UBX-TIM-TP:
1783403542.140265515	  towMS 193961000 towSubMS 0 qErr -1847 week 2426
1783403543.139898137	UBX-TIM-TP:
1783403543.140966378	  towMS 193962000 towSubMS 0 qErr 3500 week 2426
1783403544.141545052	UBX-TIM-TP:
1783403544.142546750	  towMS 193963000 towSubMS 0 qErr 1190 week 2426
1783403545.140198227	UBX-TIM-TP:
1783403545.141219816	  towMS 193964000 towSubMS 0 qErr -2081 week 2426
1783403546.138832275	UBX-TIM-TP:
1783403546.139824308	  towMS 193965000 towSubMS 0 qErr 2720 week 2426
1783403547.138984615	UBX-TIM-TP:
1783403547.140035064	  towMS 193966000 towSubMS 0 qErr -357 week 2426
1783403548.146737003	UBX-TIM-TP:
1783403548.147673088	  towMS 193967000 towSubMS 0 qErr -3345 week 2426
1783403549.149274628	UBX-TIM-TP:
1783403549.150294052	  towMS 193968000 towSubMS 0 qErr 1650 week 2426
1783403550.143639044	UBX-TIM-TP:
1783403550.144641972	  towMS 193969000 towSubMS 0 qErr -1566 week 2426
1783403551.138144435	UBX-TIM-TP:
1783403551.139182585	  towMS 193970000 towSubMS 0 qErr 3644 week 2426
1783403552.136078699	UBX-TIM-TP:
1783403552.137106290	  towMS 193971000 towSubMS 0 qErr 1298 week 2426
1783403553.137044832	UBX-TIM-TP:
1783403553.138072457	  towMS 193972000 towSubMS 0 qErr -1154 week 2426
1783403554.134261288	UBX-TIM-TP:
1783403554.135282439	  towMS 193973000 towSubMS 0 qErr -3500 week 2426
1783403555.163818559	UBX-TIM-TP:
1783403555.164810851	  towMS 193974000 towSubMS 0 qErr 2004 week 2426
1783403556.164872089	UBX-TIM-TP:
1783403556.165889851	  towMS 193975000 towSubMS 0 qErr -327 week 2426
1783403557.134438997	UBX-TIM-TP:
1783403557.135473445	  towMS 193976000 towSubMS 0 qErr -2671 week 2426
1783403558.164509212	UBX-TIM-TP:
1783403558.165596982	  towMS 193977000 towSubMS 0 qErr 2642 week 2426
1783403559.135844816	UBX-TIM-TP:
1783403559.136815893	  towMS 193978000 towSubMS 0 qErr 134 week 2426
1783403560.152753440	UBX-TIM-TP:
1783403560.153753797	  towMS 193979000 towSubMS 0 qErr -2916 week 2426
1783403561.137087576	UBX-TIM-TP:
1783403561.138122266	  towMS 193980000 towSubMS 0 qErr 1951 week 2426
1783403562.154808325	UBX-TIM-TP:
1783403562.155800220	  towMS 193981000 towSubMS 0 qErr -366 week 2426
1783403563.134984724	UBX-TIM-TP:
1783403563.136012863	  towMS 193982000 towSubMS 0 qErr -2400 week 2426
1783403564.163110337	UBX-TIM-TP:
1783403564.164153569	  towMS 193983000 towSubMS 0 qErr 3106 week 2426
1783403565.137836119	UBX-TIM-TP:
1783403565.138824717	  towMS 193984000 towSubMS 0 qErr 702 week 2426
1783403566.155788994	UBX-TIM-TP:
1783403566.156738609	  towMS 193985000 towSubMS 0 qErr -1675 week 2426
1783403567.141088928	UBX-TIM-TP:
1783403567.142181799	  towMS 193986000 towSubMS 0 qErr 3688 week 2426
1783403568.165039782	UBX-TIM-TP:
1783403568.166064831	  towMS 193987000 towSubMS 0 qErr 1412 week 2426
1783403569.138127860	UBX-TIM-TP:
1783403569.139151447	  towMS 193988000 towSubMS 0 qErr -916 week 2426
1783403570.153054861	UBX-TIM-TP:
1783403570.154088570	  towMS 193989000 towSubMS 0 qErr -3080 week 2426
1783403571.130776573	UBX-TIM-TP:
1783403571.131740300	  towMS 193990000 towSubMS 0 qErr 2294 week 2426
1783403572.158905386	UBX-TIM-TP:
1783403572.160024244	  towMS 193991000 towSubMS 0 qErr 423 week 2426
1783403573.131452610	UBX-TIM-TP:
1783403573.132471166	  towMS 193992000 towSubMS 0 qErr -1638 week 2426
1783403574.154091409	UBX-TIM-TP:
1783403574.155113891	  towMS 193993000 towSubMS 0 qErr -3800 week 2426
1783403575.144243214	UBX-TIM-TP:
1783403575.145289026	  towMS 193994000 towSubMS 0 qErr 2219 week 2426
1783403576.165073214	UBX-TIM-TP:
1783403576.166089561	  towMS 193995000 towSubMS 0 qErr 404 week 2426
1783403577.135879154	UBX-TIM-TP:
1783403577.136931084	  towMS 193996000 towSubMS 0 qErr -620 week 2426
1783403578.155844609	UBX-TIM-TP:
1783403578.156836534	  towMS 193997000 towSubMS 0 qErr -2348 week 2426
1783403579.139852128	UBX-TIM-TP:
1783403579.140888117	  towMS 193998000 towSubMS 0 qErr -3868 week 2426
1783403580.172913232	UBX-TIM-TP:
1783403580.173971917	  towMS 193999000 towSubMS 0 qErr 2286 week 2426
1783403581.149086257	UBX-TIM-TP:
1783403581.150119102	  towMS 194000000 towSubMS 0 qErr 634 week 2426
1783403582.175942505	UBX-TIM-TP:
1783403582.176995700	  towMS 194001000 towSubMS 0 qErr -613 week 2426
1783403583.140871695	UBX-TIM-TP:
1783403583.141994821	  towMS 194002000 towSubMS 0 qErr -1517 week 2426
1783403584.165992496	UBX-TIM-TP:
1783403584.167064812	  towMS 194003000 towSubMS 0 qErr -1882 week 2426
1783403585.136215862	UBX-TIM-TP:
1783403585.137247286	  towMS 194004000 towSubMS 0 qErr -2867 week 2426
1783403586.155140568	UBX-TIM-TP:
1783403586.156161215	  towMS 194005000 towSubMS 0 qErr 3476 week 2426
1783403587.136253446	UBX-TIM-TP:
1783403587.137280299	  towMS 194006000 towSubMS 0 qErr 2594 week 2426
1783403588.156984344	UBX-TIM-TP:
1783403588.158031672	  towMS 194007000 towSubMS 0 qErr 1433 week 2426
1783403589.135802818	UBX-TIM-TP:
1783403589.136793681	  towMS 194008000 towSubMS 0 qErr 1031 week 2426
1783403590.150844018	UBX-TIM-TP:
1783403590.151857906	  towMS 194009000 towSubMS 0 qErr -128 week 2426
1783403591.135799454	UBX-TIM-TP:
1783403591.136817361	  towMS 194010000 towSubMS 0 qErr -1036 week 2426
1783403592.147274121	UBX-TIM-TP:
1783403592.148300177	  towMS 194011000 towSubMS 0 qErr -2041 week 2426
1783403593.133150701	UBX-TIM-TP:
1783403593.134172342	  towMS 194012000 towSubMS 0 qErr -3267 week 2426
1783403594.166185882	UBX-TIM-TP:
1783403594.167205869	  towMS 194013000 towSubMS 0 qErr 3708 week 2426
1783403595.135057071	UBX-TIM-TP:
1783403595.136073396	  towMS 194014000 towSubMS 0 qErr 2896 week 2426
1783403596.157820979	UBX-TIM-TP:
1783403596.158820030	  towMS 194015000 towSubMS 0 qErr 1893 week 2426
1783403597.135132204	UBX-TIM-TP:
1783403597.136160201	  towMS 194016000 towSubMS 0 qErr 1315 week 2426
1783403598.156089533	UBX-TIM-TP:
1783403598.157127574	  towMS 194017000 towSubMS 0 qErr 223 week 2426
1783403599.136151739	UBX-TIM-TP:
1783403599.137167023	  towMS 194018000 towSubMS 0 qErr -724 week 2426
1783403600.178211772	UBX-TIM-TP:
1783403600.179251810	  towMS 194019000 towSubMS 0 qErr -1284 week 2426
1783403601.142922023	UBX-TIM-TP:
1783403601.143990217	  towMS 194020000 towSubMS 0 qErr -2349 week 2426
1783403602.164783545	UBX-TIM-TP:
1783403602.165753101	  towMS 194021000 towSubMS 0 qErr -3109 week 2426
1783403603.130085313	UBX-TIM-TP:
1783403603.131116866	  towMS 194022000 towSubMS 0 qErr 3212 week 2426
1783403604.164760934	UBX-TIM-TP:
1783403604.165718653	  towMS 194023000 towSubMS 0 qErr 2086 week 2426
1783403605.140705457	UBX-TIM-TP:
1783403605.141687955	  towMS 194024000 towSubMS 0 qErr 1486 week 2426
1783403606.154470198	UBX-TIM-TP:
1783403606.155499470	  towMS 194025000 towSubMS 0 qErr 1315 week 2426
1783403607.131894831	UBX-TIM-TP:
1783403607.132934387	  towMS 194026000 towSubMS 0 qErr 793 week 2426
1783403608.159097631	UBX-TIM-TP:
1783403608.160125859	  towMS 194027000 towSubMS 0 qErr -240 week 2426
1783403609.132064476	UBX-TIM-TP:
1783403609.133088482	  towMS 194028000 towSubMS 0 qErr -1290 week 2426
1783403610.155807468	UBX-TIM-TP:
1783403610.156794608	  towMS 194029000 towSubMS 0 qErr -2182 week 2426
1783403611.137162337	UBX-TIM-TP:
1783403611.138188523	  towMS 194030000 towSubMS 0 qErr -2505 week 2426
1783403612.159615831	UBX-TIM-TP:
1783403612.160609466	  towMS 194031000 towSubMS 0 qErr -2339 week 2426
1783403613.136075035	UBX-TIM-TP:
1783403613.137103756	  towMS 194032000 towSubMS 0 qErr -2195 week 2426
1783403614.160012966	UBX-TIM-TP:
1783403614.161042705	  towMS 194033000 towSubMS 0 qErr -1914 week 2426
1783403615.131577255	UBX-TIM-TP:
1783403615.132582455	  towMS 194034000 towSubMS 0 qErr -2061 week 2426
1783403616.162983229	UBX-TIM-TP:
1783403616.164181735	  towMS 194035000 towSubMS 0 qErr -2725 week 2426
1783403617.138719487	UBX-TIM-TP:
1783403617.139697010	  towMS 194036000 towSubMS 0 qErr -2446 week 2426
1783403618.168087216	UBX-TIM-TP:
1783403618.169117859	  towMS 194037000 towSubMS 0 qErr -2458 week 2426
1783403619.137865770	UBX-TIM-TP:
1783403619.138884779	  towMS 194038000 towSubMS 0 qErr -2046 week 2426
1783403620.161733080	UBX-TIM-TP:
1783403620.162705734	  towMS 194039000 towSubMS 0 qErr -1352 week 2426
1783403621.131242125	UBX-TIM-TP:
1783403621.132269526	  towMS 194040000 towSubMS 0 qErr -1778 week 2426
1783403622.154920654	UBX-TIM-TP:
1783403622.155965249	  towMS 194041000 towSubMS 0 qErr -1451 week 2426
1783403623.140901438	UBX-TIM-TP:
1783403623.141962998	  towMS 194042000 towSubMS 0 qErr -1329 week 2426
1783403624.157823604	UBX-TIM-TP:
1783403624.158833378	  towMS 194043000 towSubMS 0 qErr -932 week 2426
1783403625.138081339	UBX-TIM-TP:
1783403625.139111433	  towMS 194044000 towSubMS 0 qErr -199 week 2426
1783403626.161640250	UBX-TIM-TP:
1783403626.162666495	  towMS 194045000 towSubMS 0 qErr 762 week 2426
1783403627.131738051	UBX-TIM-TP:
1783403627.132805983	  towMS 194046000 towSubMS 0 qErr 1513 week 2426
1783403628.156172977	UBX-TIM-TP:
1783403628.157209148	  towMS 194047000 towSubMS 0 qErr 2521 week 2426
1783403629.129909209	UBX-TIM-TP:
1783403629.130999971	  towMS 194048000 towSubMS 0 qErr 3411 week 2426
1783403630.164545460	UBX-TIM-TP:
1783403630.165572953	  towMS 194049000 towSubMS 0 qErr -3455 week 2426
1783403631.134119859	UBX-TIM-TP:
1783403631.135189800	  towMS 194050000 towSubMS 0 qErr -2942 week 2426
1783403632.161088681	UBX-TIM-TP:
1783403632.162124238	  towMS 194051000 towSubMS 0 qErr -1782 week 2426
1783403633.144513283	UBX-TIM-TP:
1783403633.145514956	  towMS 194052000 towSubMS 0 qErr -398 week 2426
1783403634.164056896	UBX-TIM-TP:
1783403634.165091264	  towMS 194053000 towSubMS 0 qErr 1263 week 2426
1783403635.141476500	UBX-TIM-TP:
1783403635.142499063	  towMS 194054000 towSubMS 0 qErr 2900 week 2426
1783403636.163610591	UBX-TIM-TP:
1783403636.164617073	  towMS 194055000 towSubMS 0 qErr -3604 week 2426
1783403637.159715166	UBX-TIM-TP:
1783403637.160691915	  towMS 194056000 towSubMS 0 qErr -1835 week 2426
1783403638.163447401	UBX-TIM-TP:
1783403638.164469882	  towMS 194057000 towSubMS 0 qErr -473 week 2426
1783403639.139034044	UBX-TIM-TP:
1783403639.140122052	  towMS 194058000 towSubMS 0 qErr 1258 week 2426
1783403640.154711770	UBX-TIM-TP:
1783403640.155673457	  towMS 194059000 towSubMS 0 qErr 2752 week 2426
1783403641.141639718	UBX-TIM-TP:
1783403641.142675873	  towMS 194060000 towSubMS 0 qErr -3293 week 2426
1783403642.155112846	UBX-TIM-TP:
1783403642.156162225	  towMS 194061000 towSubMS 0 qErr -1582 week 2426
1783403643.135040824	UBX-TIM-TP:
1783403643.136071853	  towMS 194062000 towSubMS 0 qErr 544 week 2426
1783403644.149878679	UBX-TIM-TP:
1783403644.150923305	  towMS 194063000 towSubMS 0 qErr 2471 week 2426
1783403645.141413576	UBX-TIM-TP:
1783403645.142436456	  towMS 194064000 towSubMS 0 qErr -3015 week 2426
1783403646.154807274	UBX-TIM-TP:
1783403646.155800086	  towMS 194065000 towSubMS 0 qErr -998 week 2426
1783403647.144753021	UBX-TIM-TP:
1783403647.145728609	  towMS 194066000 towSubMS 0 qErr 717 week 2426
1783403648.161747625	UBX-TIM-TP:
1783403648.162725330	  towMS 194067000 towSubMS 0 qErr 3316 week 2426
1783403649.141072487	UBX-TIM-TP:
1783403649.142102997	  towMS 194068000 towSubMS 0 qErr -1904 week 2426
1783403650.148145649	UBX-TIM-TP:
1783403650.149181447	  towMS 194069000 towSubMS 0 qErr 736 week 2426
1783403651.138070912	UBX-TIM-TP:
1783403651.139098556	  towMS 194070000 towSubMS 0 qErr 2760 week 2426
1783403652.156081531	UBX-TIM-TP:
1783403652.157113686	  towMS 194071000 towSubMS 0 qErr -2542 week 2426
1783403653.158921918	UBX-TIM-TP:
1783403653.159986185	  towMS 194072000 towSubMS 0 qErr 17 week 2426
1783403654.154585970	UBX-TIM-TP:
1783403654.155626115	  towMS 194073000 towSubMS 0 qErr 1779 week 2426
1783403655.163682017	UBX-TIM-TP:
1783403655.164707336	  towMS 194074000 towSubMS 0 qErr 3082 week 2426
1783403656.138981756	UBX-TIM-TP:
1783403656.140018547	  towMS 194075000 towSubMS 0 qErr -3761 week 2426
1783403657.164655848	UBX-TIM-TP:
1783403657.165623761	  towMS 194076000 towSubMS 0 qErr -2967 week 2426
1783403658.144514275	UBX-TIM-TP:
1783403658.145541926	  towMS 194077000 towSubMS 0 qErr -1635 week 2426
1783403659.161125804	UBX-TIM-TP:
1783403659.162168812	  towMS 194078000 towSubMS 0 qErr 33 week 2426
1783403660.136796326	UBX-TIM-TP:
1783403660.137780470	  towMS 194079000 towSubMS 0 qErr 1341 week 2426
1783403661.171170780	UBX-TIM-TP:
1783403661.172232261	  towMS 194080000 towSubMS 0 qErr 1933 week 2426
1783403662.141881459	UBX-TIM-TP:
1783403662.142911909	  towMS 194081000 towSubMS 0 qErr 3346 week 2426
1783403663.164087051	UBX-TIM-TP:
1783403663.165127689	  towMS 194082000 towSubMS 0 qErr -3486 week 2426
1783403664.149211039	UBX-TIM-TP:
1783403664.150278349	  towMS 194083000 towSubMS 0 qErr -2077 week 2426
1783403665.180767297	UBX-TIM-TP:
1783403665.181732636	  towMS 194084000 towSubMS 0 qErr -930 week 2426
1783403666.164502367	UBX-TIM-TP:
1783403666.165582913	  towMS 194085000 towSubMS 0 qErr 99 week 2426
1783403667.158029327	UBX-TIM-TP:
1783403667.159042001	  towMS 194086000 towSubMS 0 qErr 1266 week 2426
1783403668.137876680	UBX-TIM-TP:
1783403668.138932770	  towMS 194087000 towSubMS 0 qErr 2889 week 2426
1783403669.171525380	UBX-TIM-TP:
1783403669.172546238	  towMS 194088000 towSubMS 0 qErr -2995 week 2426
1783403670.136257112	UBX-TIM-TP:
1783403670.137267198	  towMS 194089000 towSubMS 0 qErr -1902 week 2426
1783403671.163389113	UBX-TIM-TP:
1783403671.164380275	  towMS 194090000 towSubMS 0 qErr -1149 week 2426
1783403672.135103364	UBX-TIM-TP:
1783403672.136127379	  towMS 194091000 towSubMS 0 qErr -223 week 2426
1783403673.159153526	UBX-TIM-TP:
1783403673.160184924	  towMS 194092000 towSubMS 0 qErr 917 week 2426
1783403674.134061296	UBX-TIM-TP:
1783403674.135105223	  towMS 194093000 towSubMS 0 qErr 2630 week 2426
1783403675.163036477	UBX-TIM-TP:
1783403675.164055556	  towMS 194094000 towSubMS 0 qErr 3778 week 2426
1783403676.133120347	UBX-TIM-TP:
1783403676.134148503	  towMS 194095000 towSubMS 0 qErr -3112 week 2426
1783403677.162901297	UBX-TIM-TP:
1783403677.163934139	  towMS 194096000 towSubMS 0 qErr -2204 week 2426
1783403678.137888067	UBX-TIM-TP:
1783403678.139008387	  towMS 194097000 towSubMS 0 qErr -515 week 2426
1783403679.164763217	UBX-TIM-TP:
1783403679.165732871	  towMS 194098000 towSubMS 0 qErr 601 week 2426
1783403680.145024906	UBX-TIM-TP:
1783403680.146052803	  towMS 194099000 towSubMS 0 qErr 1999 week 2426
1783403681.163995026	UBX-TIM-TP:
1783403681.165030142	  towMS 194100000 towSubMS 0 qErr 2705 week 2426
1783403682.141818613	UBX-TIM-TP:
1783403682.142803068	  towMS 194101000 towSubMS 0 qErr 3136 week 2426
1783403683.139634088	UBX-TIM-TP:
1783403683.140644644	  towMS 194102000 towSubMS 0 qErr -3978 week 2426
1783403684.134071889	UBX-TIM-TP:
1783403684.135104636	  towMS 194103000 towSubMS 0 qErr -3232 week 2426
1783403685.141135900	UBX-TIM-TP:
1783403685.142174244	  towMS 194104000 towSubMS 0 qErr -2313 week 2426
1783403686.141870846	UBX-TIM-TP:
1783403686.142969998	  towMS 194105000 towSubMS 0 qErr -1615 week 2426
1783403687.141409508	UBX-TIM-TP:
1783403687.142477287	  towMS 194106000 towSubMS 0 qErr -828 week 2426
1783403688.138092565	UBX-TIM-TP:
1783403688.139155513	  towMS 194107000 towSubMS 0 qErr -132 week 2426
1783403689.139191928	UBX-TIM-TP:
1783403689.140296599	  towMS 194108000 towSubMS 0 qErr 499 week 2426
1783403690.153825296	UBX-TIM-TP:
1783403690.154825869	  towMS 194109000 towSubMS 0 qErr 1332 week 2426
1783403691.141564738	UBX-TIM-TP:
1783403691.142587840	  towMS 194110000 towSubMS 0 qErr 1472 week 2426
1783403692.136909773	UBX-TIM-TP:
1783403692.137955313	  towMS 194111000 towSubMS 0 qErr 1869 week 2426
1783403693.151024604	UBX-TIM-TP:
1783403693.152063638	  towMS 194112000 towSubMS 0 qErr 2040 week 2426
1783403694.147945596	UBX-TIM-TP:
1783403694.148993739	  towMS 194113000 towSubMS 0 qErr 2770 week 2426
1783403695.147897695	UBX-TIM-TP:
1783403695.148968923	  towMS 194114000 towSubMS 0 qErr 2752 week 2426
1783403696.146912630	UBX-TIM-TP:
1783403696.147976905	  towMS 194115000 towSubMS 0 qErr 3267 week 2426
1783403697.144087176	UBX-TIM-TP:
1783403697.145122533	  towMS 194116000 towSubMS 0 qErr 3346 week 2426
1783403698.144495969	UBX-TIM-TP:
1783403698.145609174	  towMS 194117000 towSubMS 0 qErr 3189 week 2426
1783403699.141675330	UBX-TIM-TP:
1783403699.142674382	  towMS 194118000 towSubMS 0 qErr 3717 week 2426
1783403700.137938049	UBX-TIM-TP:
1783403700.139034877	  towMS 194119000 towSubMS 0 qErr -2821 week 2426
1783403701.144545979	UBX-TIM-TP:
1783403701.145541209	  towMS 194120000 towSubMS 0 qErr -2095 week 2426
1783403702.141079168	UBX-TIM-TP:
1783403702.142135528	  towMS 194121000 towSubMS 0 qErr -1249 week 2426
1783403703.145165902	UBX-TIM-TP:
1783403703.146201206	  towMS 194122000 towSubMS 0 qErr -1056 week 2426
1783403704.143711551	UBX-TIM-TP:
1783403704.144684724	  towMS 194123000 towSubMS 0 qErr -887 week 2426
1783403705.141571452	UBX-TIM-TP:
1783403705.142607981	  towMS 194124000 towSubMS 0 qErr -249 week 2426
1783403706.141188311	UBX-TIM-TP:
1783403706.142227669	  towMS 194125000 towSubMS 0 qErr 267 week 2426
1783403707.151652165	UBX-TIM-TP:
1783403707.152674675	  towMS 194126000 towSubMS 0 qErr 631 week 2426
1783403708.138112370	UBX-TIM-TP:
1783403708.139135964	  towMS 194127000 towSubMS 0 qErr 263 week 2426
1783403709.141260277	UBX-TIM-TP:
1783403709.142277612	  towMS 194128000 towSubMS 0 qErr -450 week 2426
1783403710.163747163	UBX-TIM-TP:
1783403710.164715665	  towMS 194129000 towSubMS 0 qErr -899 week 2426
1783403711.170813398	UBX-TIM-TP:
1783403711.171800831	  towMS 194130000 towSubMS 0 qErr -1368 week 2426
1783403712.140764679	UBX-TIM-TP:
1783403712.141720767	  towMS 194131000 towSubMS 0 qErr -1480 week 2426
1783403713.161736100	UBX-TIM-TP:
1783403713.162691664	  towMS 194132000 towSubMS 0 qErr -1525 week 2426
1783403714.135189252	UBX-TIM-TP:
1783403714.136215634	  towMS 194133000 towSubMS 0 qErr -1741 week 2426
1783403715.162183377	UBX-TIM-TP:
1783403715.163213841	  towMS 194134000 towSubMS 0 qErr -1134 week 2426
1783403716.131827943	UBX-TIM-TP:
1783403716.132826047	  towMS 194135000 towSubMS 0 qErr -823 week 2426
1783403717.164179351	UBX-TIM-TP:
1783403717.165203613	  towMS 194136000 towSubMS 0 qErr -241 week 2426
1783403718.137109541	UBX-TIM-TP:
1783403718.138150755	  towMS 194137000 towSubMS 0 qErr -601 week 2426
1783403719.158773978	UBX-TIM-TP:
1783403719.159799991	  towMS 194138000 towSubMS 0 qErr -644 week 2426
1783403720.138725042	UBX-TIM-TP:
1783403720.139699124	  towMS 194139000 towSubMS 0 qErr -318 week 2426
1783403721.155084657	UBX-TIM-TP:
1783403721.156116749	  towMS 194140000 towSubMS 0 qErr -364 week 2426
1783403722.141772404	UBX-TIM-TP:
1783403722.142775964	  towMS 194141000 towSubMS 0 qErr -232 week 2426
1783403723.158715659	UBX-TIM-TP:
1783403723.159713805	  towMS 194142000 towSubMS 0 qErr -283 week 2426
1783403724.133808432	UBX-TIM-TP:
1783403724.134811902	  towMS 194143000 towSubMS 0 qErr -471 week 2426
1783403725.166905557	UBX-TIM-TP:
1783403725.167967699	  towMS 194144000 towSubMS 0 qErr -1069 week 2426
1783403726.152978991	UBX-TIM-TP:
1783403726.154017136	  towMS 194145000 towSubMS 0 qErr -2717 week 2426
1783403727.165804568	UBX-TIM-TP:
1783403727.166798298	  towMS 194146000 towSubMS 0 qErr 3712 week 2426
1783403728.144410442	UBX-TIM-TP:
1783403728.145449783	  towMS 194147000 towSubMS 0 qErr 1393 week 2426
1783403729.172149076	UBX-TIM-TP:
1783403729.173180597	  towMS 194148000 towSubMS 0 qErr -299 week 2426
1783403730.152145191	UBX-TIM-TP:
1783403730.153185453	  towMS 194149000 towSubMS 0 qErr -1732 week 2426
1783403731.161473111	UBX-TIM-TP:
1783403731.162497722	  towMS 194150000 towSubMS 0 qErr -3549 week 2426
1783403732.135179245	UBX-TIM-TP:
1783403732.136241253	  towMS 194151000 towSubMS 0 qErr 2864 week 2426
1783403733.156053944	UBX-TIM-TP:
1783403733.157176143	  towMS 194152000 towSubMS 0 qErr 1549 week 2426
1783403734.140914712	UBX-TIM-TP:
1783403734.141959711	  towMS 194153000 towSubMS 0 qErr -246 week 2426
1783403735.161446931	UBX-TIM-TP:
1783403735.162501387	  towMS 194154000 towSubMS 0 qErr -1752 week 2426
1783403736.142192863	UBX-TIM-TP:
1783403736.143210105	  towMS 194155000 towSubMS 0 qErr -3103 week 2426
1783403737.159213307	UBX-TIM-TP:
1783403737.160255752	  towMS 194156000 towSubMS 0 qErr 2570 week 2426
1783403738.139214761	UBX-TIM-TP:
1783403738.140245258	  towMS 194157000 towSubMS 0 qErr 859 week 2426
1783403739.140830173	UBX-TIM-TP:
1783403739.141857237	  towMS 194158000 towSubMS 0 qErr -388 week 2426
1783403740.141944318	UBX-TIM-TP:
1783403740.143015672	  towMS 194159000 towSubMS 0 qErr -2079 week 2426
1783403741.143249564	UBX-TIM-TP:
1783403741.144271746	  towMS 194160000 towSubMS 0 qErr 3404 week 2426
1783403742.178965512	UBX-TIM-TP:
1783403742.179980315	  towMS 194161000 towSubMS 0 qErr 1087 week 2426
1783403743.145446585	UBX-TIM-TP:
1783403743.146485972	  towMS 194162000 towSubMS 0 qErr -850 week 2426
1783403744.169168291	UBX-TIM-TP:
1783403744.170197984	  towMS 194163000 towSubMS 0 qErr -2575 week 2426
1783403745.145980775	UBX-TIM-TP:
1783403745.147044710	  towMS 194164000 towSubMS 0 qErr 3381 week 2426
1783403746.166168451	UBX-TIM-TP:
1783403746.167209870	  towMS 194165000 towSubMS 0 qErr 1565 week 2426
1783403747.141110747	UBX-TIM-TP:
1783403747.142342495	  towMS 194166000 towSubMS 0 qErr -139 week 2426
1783403748.157787873	UBX-TIM-TP:
1783403748.158826090	  towMS 194167000 towSubMS 0 qErr -1764 week 2426
1783403749.135099674	UBX-TIM-TP:
1783403749.136148764	  towMS 194168000 towSubMS 0 qErr 3565 week 2426
1783403750.163180468	UBX-TIM-TP:
1783403750.164231678	  towMS 194169000 towSubMS 0 qErr 1231 week 2426
1783403751.138881798	UBX-TIM-TP:
1783403751.139914080	  towMS 194170000 towSubMS 0 qErr -830 week 2426
1783403752.151838690	UBX-TIM-TP:
1783403752.152839714	  towMS 194171000 towSubMS 0 qErr -3220 week 2426
1783403753.134811134	UBX-TIM-TP:
1783403753.135819596	  towMS 194172000 towSubMS 0 qErr 2691 week 2426
1783403754.152017083	UBX-TIM-TP:
1783403754.153046518	  towMS 194173000 towSubMS 0 qErr 157 week 2426
1783403755.134168100	UBX-TIM-TP:
1783403755.135201219	  towMS 194174000 towSubMS 0 qErr -2048 week 2426
1783403756.151721862	UBX-TIM-TP:
1783403756.152692087	  towMS 194175000 towSubMS 0 qErr 3328 week 2426
1783403757.138064613	UBX-TIM-TP:
1783403757.139116613	  towMS 194176000 towSubMS 0 qErr 488 week 2426
1783403758.160862199	UBX-TIM-TP:
1783403758.161878104	  towMS 194177000 towSubMS 0 qErr -2198 week 2426
1783403759.137751651	UBX-TIM-TP:
1783403759.138721077	  towMS 194178000 towSubMS 0 qErr 3130 week 2426
1783403760.160872131	UBX-TIM-TP:
1783403760.161905415	  towMS 194179000 towSubMS 0 qErr 983 week 2426
1783403761.132239770	UBX-TIM-TP:
1783403761.133283529	  towMS 194180000 towSubMS 0 qErr -1318 week 2426
1783403762.164709202	UBX-TIM-TP:
1783403762.165704081	  towMS 194181000 towSubMS 0 qErr -3269 week 2426
1783403763.140693405	UBX-TIM-TP:
1783403763.141799668	  towMS 194182000 towSubMS 0 qErr 2489 week 2426
1783403764.157165849	UBX-TIM-TP:
1783403764.158211645	  towMS 194183000 towSubMS 0 qErr -906 week 2426
1783403765.128018569	UBX-TIM-TP:
1783403765.129045809	  towMS 194184000 towSubMS 0 qErr -3578 week 2426
1783403766.159167218	UBX-TIM-TP:
1783403766.160212487	  towMS 194185000 towSubMS 0 qErr 1510 week 2426
1783403767.141007505	UBX-TIM-TP:
1783403767.142042860	  towMS 194186000 towSubMS 0 qErr -727 week 2426
1783403768.180140891	UBX-TIM-TP:
1783403768.181170576	  towMS 194187000 towSubMS 0 qErr -3853 week 2426
1783403769.164912782	UBX-TIM-TP:
1783403769.165902655	  towMS 194188000 towSubMS 0 qErr 191 week 2426
1783403770.161428139	UBX-TIM-TP:
1783403770.162455201	  towMS 194189000 towSubMS 0 qErr -3019 week 2426
1783403771.136995444	UBX-TIM-TP:
1783403771.138040942	  towMS 194190000 towSubMS 0 qErr 1384 week 2426
1783403772.161505081	UBX-TIM-TP:
1783403772.162539766	  towMS 194191000 towSubMS 0 qErr -2961 week 2426
1783403773.137176630	UBX-TIM-TP:
1783403773.138194014	  towMS 194192000 towSubMS 0 qErr 455 week 2426
1783403774.161853989	UBX-TIM-TP:
1783403774.162888423	  towMS 194193000 towSubMS 0 qErr 2774 week 2426
1783403775.147186624	UBX-TIM-TP:
1783403775.148401884	  towMS 194194000 towSubMS 0 qErr -3260 week 2426
1783403776.160297708	UBX-TIM-TP:
1783403776.161459206	  towMS 194195000 towSubMS 0 qErr -1948 week 2426
1783403777.144112907	UBX-TIM-TP:
1783403777.145139838	  towMS 194196000 towSubMS 0 qErr -1453 week 2426
1783403778.162251595	UBX-TIM-TP:
1783403778.163324938	  towMS 194197000 towSubMS 0 qErr -1638 week 2426
1783403779.139103724	UBX-TIM-TP:
1783403779.140154797	  towMS 194198000 towSubMS 0 qErr -1992 week 2426
1783403780.168169789	UBX-TIM-TP:
1783403780.169203167	  towMS 194199000 towSubMS 0 qErr -2427 week 2426
1783403781.156987018	UBX-TIM-TP:
1783403781.158034540	  towMS 194200000 towSubMS 0 qErr -3423 week 2426
1783403782.166377341	UBX-TIM-TP:
1783403782.167425431	  towMS 194201000 towSubMS 0 qErr 3588 week 2426
1783403783.140655578	UBX-TIM-TP:
1783403783.141662131	  towMS 194202000 towSubMS 0 qErr 3477 week 2426
1783403784.161709931	UBX-TIM-TP:
1783403784.162714790	  towMS 194203000 towSubMS 0 qErr 3403 week 2426
1783403785.137150011	UBX-TIM-TP:
1783403785.138300774	  towMS 194204000 towSubMS 0 qErr 3198 week 2426
1783403786.171624311	UBX-TIM-TP:
1783403786.172605469	  towMS 194205000 towSubMS 0 qErr 1587 week 2426
1783403787.150214133	UBX-TIM-TP:
1783403787.151244117	  towMS 194206000 towSubMS 0 qErr 433 week 2426
1783403788.178063578	UBX-TIM-TP:
1783403788.179093914	  towMS 194207000 towSubMS 0 qErr 407 week 2426
1783403789.134706222	UBX-TIM-TP:
1783403789.135712310	  towMS 194208000 towSubMS 0 qErr 58 week 2426
1783403790.171219235	UBX-TIM-TP:
1783403790.172294240	  towMS 194209000 towSubMS 0 qErr -865 week 2426
1783403791.141780770	UBX-TIM-TP:
1783403791.142779932	  towMS 194210000 towSubMS 0 qErr -3205 week 2426
